// Jest Snapshot v1, https://goo.gl/fbAQLP

exports[`SearchBarForm component should render correctly  1`] = `
<div>
  <form
    aria-label="form-search"
    class="container"
  >
    <div
      class="input-group"
    >
      <input
        alt="search coin"
        class="form-control"
        name="Search"
        placeholder="Search"
        required=""
        type="text"
        value=""
      />
      <div
        class="input-group-append"
      >
        <button
          class="btn-search"
          type="submit"
        >
          <svg
            fill="none"
            height="1em"
            stroke="currentColor"
            stroke-linecap="round"
            stroke-linejoin="round"
            stroke-width="2"
            viewBox="0 0 24 24"
            width="1em"
            xmlns="http://www.w3.org/2000/svg"
          >
            <circle
              cx="11"
              cy="11"
              r="8"
            />
            <line
              x1="21"
              x2="16.65"
              y1="21"
              y2="16.65"
            />
          </svg>
        </button>
      </div>
    </div>
  </form>
</div>
`;
